DEBUG 2026/07/21 13:52:05.482676 general.go:64: aerc.conf: [general] &config.GeneralConfig{DefaultSavePath:"", PgpProvider:"auto", UnsafeAccountsConf:true, LogFile:"", LogLevel:5, DisableIPC:false, DisableIPCMailto:false, DisableIPCMbox:false, EnableOSC8:false, Term:"xterm-256color", DefaultMenuCmd:"", QuakeMode:false, UsePinentry:false}
DEBUG 2026/07/21 13:52:05.482939 filters.go:94: aerc.conf: [filters] []*config.FilterConfig{(*config.FilterConfig)(0x3b582637b090)}
DEBUG 2026/07/21 13:52:05.483143 compose.go:30: aerc.conf: [compose] &config.ComposeConfig{Editor:"", HeaderLayout:[][]string{[]string{"To", "From"}, []string{"Subject"}}, AddressBookCmd:"", ReplyToSelf:true, NoAttachmentWarning:(*regexp.Regexp)(nil), EmptySubjectWarning:false, FilePickerCmd:"", FormatFlowed:false, EditHeaders:false, FocusBody:false, LFEditor:false}
DEBUG 2026/07/21 13:52:05.483202 converters.go:34: aerc.conf: [multipart-converters] map[string]string{}
DEBUG 2026/07/21 13:52:05.483422 viewer.go:25: aerc.conf: [viewer] &config.ViewerConfig{Pager:"less -Rc", Alternatives:[]string{"text/plain", "text/html"}, ShowHeaders:false, AlwaysShowMime:false, MaxMimeHeight:0, ParseHttpLinks:true, HeaderLayout:[][]string{[]string{"From", "To"}, []string{"Cc", "Bcc"}, []string{"Date"}, []string{"Subject"}}, KeyPassthrough:false}
DEBUG 2026/07/21 13:52:05.484194 statusline.go:23: aerc.conf: [statusline] &config.StatuslineConfig{StatusColumns:[]*config.ColumnDef{(*config.ColumnDef)(0x3b582644e1b0), (*config.ColumnDef)(0x3b582644e3f0), (*config.ColumnDef)(0x3b582644e780)}, ColumnSeparator:" ", Separator:" | ", DisplayMode:"text"}
DEBUG 2026/07/21 13:52:05.484229 openers.go:29: aerc.conf: [openers] []config.Opener(nil)
DEBUG 2026/07/21 13:52:05.484320 hooks.go:27: aerc.conf: [hooks] config.HooksConfig{AercStartup:"", AercShutdown:"", FlagChanged:"", MailReceived:"", MailDeleted:"", MailAdded:"", MailSent:"", TagModified:""}
DEBUG 2026/07/21 13:52:05.491324 ui.go:204: aerc.conf: [ui] &config.UIConfig{IndexColumns:[]*config.ColumnDef{(*config.ColumnDef)(0x3b582644ed20), (*config.ColumnDef)(0x3b582644f2f0), (*config.ColumnDef)(0x3b582644f5c0), (*config.ColumnDef)(0x3b582644faa0)}, ColumnSeparator:"  ", DirListLeft:(*template.Template)(0x3b5826414b40), DirListRight:(*template.Template)(0x3b5826414b80), AutoMarkRead:true, AutoMarkReadInSplit:false, AutoMarkReadInSplitDelay:3000000000, TimestampFormat:"2006 Jan 02", ThisDayTimeFormat:"15:04", ThisWeekTimeFormat:"Jan 02", ThisYearTimeFormat:"Jan 02", MessageViewTimestampFormat:"2006 Jan 02, 15:04 GMT-0700", MessageViewThisDayTimeFormat:"", MessageViewThisWeekTimeFormat:"", MessageViewThisYearTimeFormat:"", PinnedTabMarker:"`", SidebarWidth:22, QuakeHeight:20, MessageListSplit:config.SplitParams{Direction:0, Size:0}, EmptyMessage:"(no messages)", EmptyDirlist:"(no folders)", EmptySubject:"(no subject)", MouseEnabled:false, ThreadingEnabled:false, ForceClientThreads:false, ThreadingBySubject:false, ClientThreadsDelay:50000000, ThreadContext:false, FuzzyComplete:false, NewMessageBell:true, Spinner:"[..]    , [..]   ,  [..]  ,   [..] ,    [..],   [..] ,  [..]  , [..]   ", SpinnerDelimiter:",", SpinnerInterval:200000000, IconUnencrypted:"", IconEncrypted:"[e]", IconSigned:"[s]", IconSignedEncrypted:"", IconUnknown:"[s?]", IconInvalid:"[s!]", IconAttachment:"a", IconReplied:"r", IconForwarded:"f", IconNew:"N", IconOld:"O", IconDraft:"d", IconFlagged:"!", IconMarked:"*", IconDeleted:"X", DirListDelay:200000000, DirListTree:false, DirListCollapse:0, Sort:[]string(nil), NextMessageOnDelete:true, CompletionDelay:250000000, CompletionMinChars:1, CompletionPopovers:true, MsglistScrollOffset:0, DialogPosition:"center", DialogWidth:50, DialogHeight:50, StyleSetDirs:[]string{"/home/benrosen/.config/aerc/stylesets", "/home/benrosen/.local/libexec/aerc/stylesets", "/home/benrosen/.local/share/aerc/stylesets", "/nix/store/rv33alwf43s9d8jxjk2fmzr5x9m8a6ni-aerc-0.21.0/libexec/aerc/stylesets", "/nix/store/rv33alwf43s9d8jxjk2fmzr5x9m8a6ni-aerc-0.21.0/share/aerc/stylesets", "/nix/store/rv33alwf43s9d8jxjk2fmzr5x9m8a6ni-aerc-0.21.0/libexec/aerc/stylesets", "/nix/store/rv33alwf43s9d8jxjk2fmzr5x9m8a6ni-aerc-0.21.0/share/aerc/stylesets"}, StyleSetName:"stylix", style:config.StyleSet{objects:map[config.StyleObject]*config.StyleConf{0:(*config.StyleConf)(0x3b582646d470), 1:(*config.StyleConf)(0x3b582646d170), 2:(*config.StyleConf)(0x3b582646ce70), 3:(*config.StyleConf)(0x3b582646ced0), 4:(*config.StyleConf)(0x3b582646d1d0), 5:(*config.StyleConf)(0x3b582646d4d0), 6:(*config.StyleConf)(0x3b582646d230), 7:(*config.StyleConf)(0x3b582646d290), 8:(*config.StyleConf)(0x3b582646db30), 9:(*config.StyleConf)(0x3b582646d530), 10:(*config.StyleConf)(0x3b582646db90), 11:(*config.StyleConf)(0x3b582646d2f0), 12:(*config.StyleConf)(0x3b582646da70), 13:(*config.StyleConf)(0x3b582646d710), 14:(*config.StyleConf)(0x3b582646cf30), 15:(*config.StyleConf)(0x3b582646d770), 16:(*config.StyleConf)(0x3b582646cf90), 17:(*config.StyleConf)(0x3b582646d7d0), 18:(*config.StyleConf)(0x3b582646d830), 19:(*config.StyleConf)(0x3b582646dc50), 20:(*config.StyleConf)(0x3b582646dbf0), 21:(*config.StyleConf)(0x3b582646d3b0), 22:(*config.StyleConf)(0x3b582646d590), 23:(*config.StyleConf)(0x3b582646d890), 24:(*config.StyleConf)(0x3b582646d5f0), 25:(*config.StyleConf)(0x3b582646cff0), 26:(*config.StyleConf)(0x3b582646d050), 27:(*config.StyleConf)(0x3b582646d0b0), 28:(*config.StyleConf)(0x3b582646d650), 29:(*config.StyleConf)(0x3b582646cd50), 30:(*config.StyleConf)(0x3b582646d410), 31:(*config.StyleConf)(0x3b582646cdb0), 32:(*config.StyleConf)(0x3b582646d110), 33:(*config.StyleConf)(0x3b582646dad0), 34:(*config.StyleConf)(0x3b582646d8f0), 35:(*config.StyleConf)(0x3b582646d950), 36:(*config.StyleConf)(0x3b582646da10), 37:(*config.StyleConf)(0x3b582646d6b0), 38:(*config.StyleConf)(0x3b582646d350), 39:(*config.StyleConf)(0x3b582646ce10), 40:(*config.StyleConf)(0x3b582646d9b0)}, selected:map[config.StyleObject]*config.StyleConf{0:(*config.StyleConf)(0x3b582646d4a0), 1:(*config.StyleConf)(0x3b582646d1a0), 2:(*config.StyleConf)(0x3b582646cea0), 3:(*config.StyleConf)(0x3b582646cf00), 4:(*config.StyleConf)(0x3b582646d200), 5:(*config.StyleConf)(0x3b582646d500), 6:(*config.StyleConf)(0x3b582646d260), 7:(*config.StyleConf)(0x3b582646d2c0), 8:(*config.StyleConf)(0x3b582646db60), 9:(*config.StyleConf)(0x3b582646d560), 10:(*config.StyleConf)(0x3b582646dbc0), 11:(*config.StyleConf)(0x3b582646d320), 12:(*config.StyleConf)(0x3b582646daa0), 13:(*config.StyleConf)(0x3b582646d740), 14:(*config.StyleConf)(0x3b582646cf60), 15:(*config.StyleConf)(0x3b582646d7a0), 16:(*config.StyleConf)(0x3b582646cfc0), 17:(*config.StyleConf)(0x3b582646d800), 18:(*config.StyleConf)(0x3b582646d860), 19:(*config.StyleConf)(0x3b582646dc80), 20:(*config.StyleConf)(0x3b582646dc20), 21:(*config.StyleConf)(0x3b582646d3e0), 22:(*config.StyleConf)(0x3b582646d5c0), 23:(*config.StyleConf)(0x3b582646d8c0), 24:(*config.StyleConf)(0x3b582646d620), 25:(*config.StyleConf)(0x3b582646d020), 26:(*config.StyleConf)(0x3b582646d080), 27:(*config.StyleConf)(0x3b582646d0e0), 28:(*config.StyleConf)(0x3b582646d680), 29:(*config.StyleConf)(0x3b582646cd80), 30:(*config.StyleConf)(0x3b582646d440), 31:(*config.StyleConf)(0x3b582646cde0), 32:(*config.StyleConf)(0x3b582646d140), 33:(*config.StyleConf)(0x3b582646db00), 34:(*config.StyleConf)(0x3b582646d920), 35:(*config.StyleConf)(0x3b582646d980), 36:(*config.StyleConf)(0x3b582646da40), 37:(*config.StyleConf)(0x3b582646d6e0), 38:(*config.StyleConf)(0x3b582646d380), 39:(*config.StyleConf)(0x3b582646ce40), 40:(*config.StyleConf)(0x3b582646d9e0)}, user:map[string]*config.Style{}, paths:[]string{"/home/benrosen/.config/aerc/stylesets/stylix"}}, BorderCharVertical:9474, BorderCharHorizontal:9472, SelectLast:false, ReverseOrder:false, ReverseThreadOrder:false, SortThreadSiblings:false, ThreadPrefixTip:">", ThreadPrefixIndent:" ", ThreadPrefixStem:"│", ThreadPrefixLimb:"", ThreadPrefixFolded:"+", ThreadPrefixUnfolded:"", ThreadPrefixFirstChild:"", ThreadPrefixHasSiblings:"├─", ThreadPrefixLone:"", ThreadPrefixOrphan:"", ThreadPrefixLastSibling:"└─", ThreadPrefixDummy:"┬─", ThreadPrefixLastSiblingReverse:"┌─", ThreadPrefixFirstChildReverse:"", ThreadPrefixOrphanReverse:"", ThreadPrefixDummyReverse:"┴─", TabTitleAccount:(*template.Template)(0x3b5826414c80), TabTitleComposer:(*template.Template)(0x3b5826414cc0), TabTitleTerminal:(*template.Template)(0x3b5826414dc0), TabTitleViewer:(*template.Template)(0x3b5826414e00), contextualUis:[]*config.UiConfigContext(nil), contextualCounts:map[config.uiContextType]int{}, contextualCache:map[config.uiContextKey]*config.UIConfig{}}
DEBUG 2026/07/21 13:52:05.493018 templates.go:48: aerc.conf: [templates] &config.TemplateConfig{TemplateDirs:[]string{"/home/benrosen/.config/aerc/templates", "/home/benrosen/.local/libexec/aerc/templates", "/home/benrosen/.local/share/aerc/templates", "/nix/store/rv33alwf43s9d8jxjk2fmzr5x9m8a6ni-aerc-0.21.0/libexec/aerc/templates", "/nix/store/rv33alwf43s9d8jxjk2fmzr5x9m8a6ni-aerc-0.21.0/share/aerc/templates", "/nix/store/rv33alwf43s9d8jxjk2fmzr5x9m8a6ni-aerc-0.21.0/libexec/aerc/templates", "/nix/store/rv33alwf43s9d8jxjk2fmzr5x9m8a6ni-aerc-0.21.0/share/aerc/templates"}, NewMessage:"new_message", QuotedReply:"quoted_reply", Forwards:"forward_as_body"}
DEBUG 2026/07/21 13:52:05.493124 accounts.go:153: Parsing accounts configuration from /home/benrosen/.config/aerc/accounts.conf
DEBUG 2026/07/21 13:52:05.495357 accounts.go:203: accounts.conf: [benjamin.j.rosen@gmail.com] from = "Ben Rosen" <benjamin.j.rosen@gmail.com>
DEBUG 2026/07/21 13:52:06.740583 accounts.go:203: accounts.conf: [benjamin.j.rosen@pm.me] from = "Ben Rosen" <benjamin.j.rosen@pm.me>
DEBUG 2026/07/21 13:52:06.740676 reload.go:19: reloader: set binds file: /home/benrosen/.config/aerc/binds.conf
DEBUG 2026/07/21 13:52:06.740712 binds.go:108: Parsing key bindings configuration from /home/benrosen/.config/aerc/binds.conf
DEBUG 2026/07/21 13:52:06.742462 binds.go:152: binds.conf: &config.BindingConfig{Global:(*config.KeyBindings)(0x3b58265f7110), AccountWizard:(*config.KeyBindings)(0x3b582640cbd0), Compose:(*config.KeyBindings)(0x3b58265f7650), ComposeEditor:(*config.KeyBindings)(0x3b58265f77a0), ComposeReview:(*config.KeyBindings)(0x3b58265f7880), MessageList:(*config.KeyBindings)(0x3b58265f71f0), MessageView:(*config.KeyBindings)(0x3b58265f7490), MessageViewPassthrough:(*config.KeyBindings)(0x3b58265f7570), Terminal:(*config.KeyBindings)(0x3b58265f7960)}
INFO  2026/07/21 13:52:06.742504 main.go:216: Starting up version 0.21.0 +notmuch-5.7.0 (go1.26.4 amd64 linux 1980-01-01)
DEBUG 2026/07/21 13:52:06.742611 crypto.go:37: no internal pgp keyring, using system gpg
TRACE 2026/07/21 13:52:06.767566 worker.go:435: [benjamin.j.rosen@pm.me] ready to handle *types.Configure
DEBUG 2026/07/21 13:52:06.767621 receive.go:28: Starting Unix server: /run/user/1000/aerc.sock
TRACE 2026/07/21 13:52:06.767755 worker.go:435: [benjamin.j.rosen@gmail.com] ready to handle *types.Configure
DEBUG 2026/07/21 13:52:06.787618 cache.go:61: [benjamin.j.rosen@gmail.com] cache db opened: /home/benrosen/.cache/aerc/benjamin.j.rosen@gmail.com
INFO  2026/07/21 13:52:06.788377 foldermapper.go:21: [benjamin.j.rosen@gmail.com] loading worker middleware: foldermapper
TRACE 2026/07/21 13:52:06.788479 worker.go:435: [benjamin.j.rosen@gmail.com] ready to handle *types.Connect
DEBUG 2026/07/21 13:52:06.790112 cache.go:61: [benjamin.j.rosen@pm.me] cache db opened: /home/benrosen/.cache/aerc/benjamin.j.rosen@pm.me
TRACE 2026/07/21 13:52:06.790425 worker.go:435: [benjamin.j.rosen@pm.me] ready to handle *types.Connect
TRACE 2026/07/21 13:52:06.801425 observer.go:148: [benjamin.j.rosen@pm.me] observer (0x3b5826606000) [running:true] started
TRACE 2026/07/21 13:52:06.801491 idler.go:76: [benjamin.j.rosen@pm.me] idler (start): start idle after debounce
INFO  2026/07/21 13:52:06.801544 account.go:393: [benjamin.j.rosen@pm.me] connected.
TRACE 2026/07/21 13:52:06.801591 account.go:395: [benjamin.j.rosen@pm.me] Listing mailboxes...
TRACE 2026/07/21 13:52:06.801794 idler.go:119: [benjamin.j.rosen@pm.me] idler (stop): debounced
TRACE 2026/07/21 13:52:06.801855 worker.go:435: [benjamin.j.rosen@pm.me] ready to handle *types.ListDirectories
TRACE 2026/07/21 13:52:06.801944 list.go:15: [benjamin.j.rosen@pm.me] Listing mailboxes
DEBUG 2026/07/21 13:52:06.809057 list.go:62: [benjamin.j.rosen@pm.me] Available labels: []
TRACE 2026/07/21 13:52:06.809119 idler.go:76: [benjamin.j.rosen@pm.me] idler (start): start idle after debounce
TRACE 2026/07/21 13:52:06.819602 idler.go:79: [benjamin.j.rosen@pm.me] idler (start): started
DEBUG 2026/07/21 13:52:06.820565 cache.go:202: [benjamin.j.rosen@pm.me] /home/benrosen/.cache/aerc/benjamin.j.rosen@pm.me: removed 0/53 expired entries in 30.092129ms
TRACE 2026/07/21 13:52:07.011503 idler.go:98: [benjamin.j.rosen@pm.me] idler (execute): idleing for 191.803944ms
TRACE 2026/07/21 13:52:07.011543 idler.go:126: [benjamin.j.rosen@pm.me] idler (stop): idle stopped: <nil>
TRACE 2026/07/21 13:52:07.011557 worker.go:435: [benjamin.j.rosen@pm.me] ready to handle *types.OpenDirectory
DEBUG 2026/07/21 13:52:07.011568 open.go:13: [benjamin.j.rosen@pm.me] Opening INBOX
TRACE 2026/07/21 13:52:07.013437 idler.go:76: [benjamin.j.rosen@pm.me] idler (start): start idle after debounce
TRACE 2026/07/21 13:52:07.013576 worker.go:298: [benjamin.j.rosen@pm.me] (= *client.MailboxUpdate
TRACE 2026/07/21 13:52:07.013615 worker.go:298: [benjamin.j.rosen@pm.me] (= *client.MailboxUpdate
DEBUG 2026/07/21 13:52:07.013630 worker.go:313: [benjamin.j.rosen@pm.me] Ignored duplicate MailboxUpdate
TRACE 2026/07/21 13:52:07.013654 idler.go:119: [benjamin.j.rosen@pm.me] idler (stop): debounced
TRACE 2026/07/21 13:52:07.013672 worker.go:435: [benjamin.j.rosen@pm.me] ready to handle *types.CheckMail
TRACE 2026/07/21 13:52:07.013689 checkmail.go:49: [benjamin.j.rosen@pm.me] Getting status of directory INBOX
TRACE 2026/07/21 13:52:07.014613 idler.go:76: [benjamin.j.rosen@pm.me] idler (start): start idle after debounce
TRACE 2026/07/21 13:52:07.014655 idler.go:119: [benjamin.j.rosen@pm.me] idler (stop): debounced
TRACE 2026/07/21 13:52:07.014673 worker.go:435: [benjamin.j.rosen@pm.me] ready to handle *types.FetchDirectoryContents
TRACE 2026/07/21 13:52:07.014690 open.go:41: [benjamin.j.rosen@pm.me] Fetching UID list
TRACE 2026/07/21 13:52:07.015389 open.go:84: [benjamin.j.rosen@pm.me] Found 0 UIDs
TRACE 2026/07/21 13:52:07.015418 idler.go:76: [benjamin.j.rosen@pm.me] idler (start): start idle after debounce
DEBUG 2026/07/21 13:52:07.016296 account.go:633: Checking for new mail on account benjamin.j.rosen@pm.me
TRACE 2026/07/21 13:52:07.016377 idler.go:119: [benjamin.j.rosen@pm.me] idler (stop): debounced
TRACE 2026/07/21 13:52:07.016401 worker.go:435: [benjamin.j.rosen@pm.me] ready to handle *types.CheckMail
TRACE 2026/07/21 13:52:07.016419 checkmail.go:49: [benjamin.j.rosen@pm.me] Getting status of directory Drafts
TRACE 2026/07/21 13:52:07.017346 checkmail.go:49: [benjamin.j.rosen@pm.me] Getting status of directory Sent
TRACE 2026/07/21 13:52:07.018386 checkmail.go:49: [benjamin.j.rosen@pm.me] Getting status of directory Trash
TRACE 2026/07/21 13:52:07.019725 checkmail.go:49: [benjamin.j.rosen@pm.me] Getting status of directory Spam
TRACE 2026/07/21 13:52:07.020742 checkmail.go:49: [benjamin.j.rosen@pm.me] Getting status of directory Archive
TRACE 2026/07/21 13:52:07.022059 idler.go:76: [benjamin.j.rosen@pm.me] idler (start): start idle after debounce
TRACE 2026/07/21 13:52:07.032529 idler.go:79: [benjamin.j.rosen@pm.me] idler (start): started
DEBUG 2026/07/21 13:52:07.134491 cache.go:202: [benjamin.j.rosen@gmail.com] /home/benrosen/.cache/aerc/benjamin.j.rosen@gmail.com: removed 0/1875 expired entries in 346.281289ms
INFO  2026/07/21 13:52:07.434324 account.go:400: [benjamin.j.rosen@gmail.com] disconnected.
ERROR 2026/07/21 13:52:07.434453 account.go:527: [benjamin.j.rosen@gmail.com] connection error: imap client not connected: attempt reconnect
ERROR 2026/07/21 13:52:07.434481 status.go:133: benjamin.j.rosen@gmail.com: imap client not connected: attempt reconnect
DEBUG 2026/07/21 13:52:07.434494 status.go:108: benjamin.j.rosen@gmail.com: imap client not connected: attempt reconnect
TRACE 2026/07/21 13:52:07.434773 worker.go:435: [benjamin.j.rosen@gmail.com] ready to handle *types.Reconnect
ERROR 2026/07/21 13:52:07.437582 account.go:533: [benjamin.j.rosen@gmail.com] unexpected error: Invalid credentials (Failure)
ERROR 2026/07/21 13:52:07.437634 status.go:133: benjamin.j.rosen@gmail.com: Invalid credentials (Failure)
DEBUG 2026/07/21 13:52:07.437653 status.go:108: benjamin.j.rosen@gmail.com: Invalid credentials (Failure)
ERROR 2026/07/21 13:52:07.946565 account.go:533: [benjamin.j.rosen@gmail.com] unexpected error: Invalid credentials (Failure): reconnect
ERROR 2026/07/21 13:52:07.946651 status.go:133: benjamin.j.rosen@gmail.com: Invalid credentials (Failure): reconnect
DEBUG 2026/07/21 13:52:07.946679 status.go:108: benjamin.j.rosen@gmail.com: Invalid credentials (Failure): reconnect
INFO  2026/07/21 13:52:07.946798 account.go:400: [benjamin.j.rosen@gmail.com] disconnected.
ERROR 2026/07/21 13:52:07.946903 account.go:527: [benjamin.j.rosen@gmail.com] connection error: reconnect
ERROR 2026/07/21 13:52:07.946939 status.go:133: benjamin.j.rosen@gmail.com: reconnect
DEBUG 2026/07/21 13:52:07.946954 status.go:108: benjamin.j.rosen@gmail.com: reconnect
TRACE 2026/07/21 13:52:07.947135 worker.go:435: [benjamin.j.rosen@gmail.com] ready to handle *types.Reconnect
ERROR 2026/07/21 13:52:08.407535 account.go:533: [benjamin.j.rosen@gmail.com] unexpected error: Invalid credentials (Failure): reconnect in 1s
ERROR 2026/07/21 13:52:08.407633 status.go:133: benjamin.j.rosen@gmail.com: Invalid credentials (Failure): reconnect in 1s
DEBUG 2026/07/21 13:52:08.407661 status.go:108: benjamin.j.rosen@gmail.com: Invalid credentials (Failure): reconnect in 1s
INFO  2026/07/21 13:52:09.408226 account.go:400: [benjamin.j.rosen@gmail.com] disconnected.
ERROR 2026/07/21 13:52:09.408398 account.go:527: [benjamin.j.rosen@gmail.com] connection error: reconnect in 1s
ERROR 2026/07/21 13:52:09.408434 status.go:133: benjamin.j.rosen@gmail.com: reconnect in 1s
DEBUG 2026/07/21 13:52:09.408456 status.go:108: benjamin.j.rosen@gmail.com: reconnect in 1s
TRACE 2026/07/21 13:52:09.408791 worker.go:435: [benjamin.j.rosen@gmail.com] ready to handle *types.Reconnect
ERROR 2026/07/21 13:52:09.865530 account.go:533: [benjamin.j.rosen@gmail.com] unexpected error: Invalid credentials (Failure): reconnect in 3s
ERROR 2026/07/21 13:52:09.865578 status.go:133: benjamin.j.rosen@gmail.com: Invalid credentials (Failure): reconnect in 3s
DEBUG 2026/07/21 13:52:09.865610 status.go:108: benjamin.j.rosen@gmail.com: Invalid credentials (Failure): reconnect in 3s
INFO  2026/07/21 13:52:12.866232 account.go:400: [benjamin.j.rosen@gmail.com] disconnected.
ERROR 2026/07/21 13:52:12.869563 account.go:527: [benjamin.j.rosen@gmail.com] connection error: reconnect in 3s
ERROR 2026/07/21 13:52:12.869616 status.go:133: benjamin.j.rosen@gmail.com: reconnect in 3s
DEBUG 2026/07/21 13:52:12.869638 status.go:108: benjamin.j.rosen@gmail.com: reconnect in 3s
TRACE 2026/07/21 13:52:12.869868 worker.go:435: [benjamin.j.rosen@gmail.com] ready to handle *types.Reconnect
ERROR 2026/07/21 13:52:13.475756 account.go:533: [benjamin.j.rosen@gmail.com] unexpected error: Invalid credentials (Failure): reconnect in 5s
ERROR 2026/07/21 13:52:13.475825 status.go:133: benjamin.j.rosen@gmail.com: Invalid credentials (Failure): reconnect in 5s
DEBUG 2026/07/21 13:52:13.475848 status.go:108: benjamin.j.rosen@gmail.com: Invalid credentials (Failure): reconnect in 5s
TRACE 2026/07/21 13:52:15.499410 ui.go:180: registered key event: vaxis.Key{Text:"", Keycode:99, ShiftedCode:0, BaseLayoutCode:0, Modifiers:4, EventType:0}
TRACE 2026/07/21 13:52:15.499628 commands.go:212: executing command prompt 'Quit?' quit
TRACE 2026/07/21 13:52:16.700187 ui.go:180: registered key event: vaxis.Key{Text:"", Keycode:13, ShiftedCode:0, BaseLayoutCode:0, Modifiers:0, EventType:0}
TRACE 2026/07/21 13:52:16.700256 commands.go:212: executing command quit
INFO  2026/07/21 13:52:16.704607 receive.go:54: shutting down UNIX listener
